14:41:42 **** Auto Build of configuration Debug for project vga_test ****
make pre-build main-build 
a9-linaro-pre-build-step
 
Building file: ../src/main.c
Invoking: ARM v7 gcc compiler
arm-none-eabi-gcc -Wall -O0 -g3 -c -fmessage-length=0 -MT"src/main.o" -mcpu=cortex-a9 -mfpu=vfpv3 -mfloat-abi=hard -I../../vga_test_bsp/ps7_cortexa9_0/include -MMD -MP -MF"src/main.d" -MT"src/main.o" -o "src/main.o" "../src/main.c"
Finished building: ../src/main.c
 
Building target: vga_test.elf
Invoking: ARM v7 gcc linker
arm-none-eabi-gcc -mcpu=cortex-a9 -mfpu=vfpv3 -mfloat-abi=hard -Wl,-build-id=none -specs=Xilinx.spec -Wl,-T -Wl,../src/lscript.ld -L../../vga_test_bsp/ps7_cortexa9_0/lib -o "vga_test.elf"  ./src/main.o   -Wl,--start-group,-lxil,-lgcc,-lc,--end-group
Finished building target: vga_test.elf
 
Invoking: ARM v7 Print Size
arm-none-eabi-size vga_test.elf  |tee "vga_test.elf.size"
   text	   data	    bss	    dec	    hex	filename
  19560	   1148	  22568	  43276	   a90c	vga_test.elf
Finished building: vga_test.elf.size
 

14:41:42 Build Finished (took 169ms)

