19:07:58 **** Build of project led_pwm_bsp ****
make -k all 
Running Make include in ps7_cortexa9_0/libsrc/dmaps_v2_3/src
make -C ps7_cortexa9_0/libsrc/dmaps_v2_3/src -s include  "SHELL=/bin/sh" "COMPILER=arm-none-eabi-gcc" "ARCHIVER=arm-none-eabi-ar" "COMPILER_FLAGS=  -O2 -c" "EXTRA_COMPILER_FLAGS=-mcpu=cortex-a9 -mfpu=vfpv3 -mfloat-abi=hard -nostartfiles -Wall -Wextra"
Running Make include in ps7_cortexa9_0/libsrc/ddrps_v1_0/src
make -C ps7_cortexa9_0/libsrc/ddrps_v1_0/src -s include  "SHELL=/bin/sh" "COMPILER=arm-none-eabi-gcc" "ARCHIVER=arm-none-eabi-ar" "COMPILER_FLAGS=  -O2 -c" "EXTRA_COMPILER_FLAGS=-mcpu=cortex-a9 -mfpu=vfpv3 -mfloat-abi=hard -nostartfiles -Wall -Wextra"
Running Make include in ps7_cortexa9_0/libsrc/qspips_v3_4/src
make -C ps7_cortexa9_0/libsrc/qspips_v3_4/src -s include  "SHELL=/bin/sh" "COMPILER=arm-none-eabi-gcc" "ARCHIVER=arm-none-eabi-ar" "COMPILER_FLAGS=  -O2 -c" "EXTRA_COMPILER_FLAGS=-mcpu=cortex-a9 -mfpu=vfpv3 -mfloat-abi=hard -nostartfiles -Wall -Wextra"
Running Make include in ps7_cortexa9_0/libsrc/gpiops_v3_3/src
make -C ps7_cortexa9_0/libsrc/gpiops_v3_3/src -s include  "SHELL=/bin/sh" "COMPILER=arm-none-eabi-gcc" "ARCHIVER=arm-none-eabi-ar" "COMPILER_FLAGS=  -O2 -c" "EXTRA_COMPILER_FLAGS=-mcpu=cortex-a9 -mfpu=vfpv3 -mfloat-abi=hard -nostartfiles -Wall -Wextra"
Running Make include in ps7_cortexa9_0/libsrc/scugic_v3_8/src
make -C ps7_cortexa9_0/libsrc/scugic_v3_8/src -s include  "SHELL=/bin/sh" "COMPILER=arm-none-eabi-gcc" "ARCHIVER=arm-none-eabi-ar" "COMPILER_FLAGS=  -O2 -c" "EXTRA_COMPILER_FLAGS=-mcpu=cortex-a9 -mfpu=vfpv3 -mfloat-abi=hard -nostartfiles -Wall -Wextra"
Running Make include in ps7_cortexa9_0/libsrc/standalone_v6_4/src
make -C ps7_cortexa9_0/libsrc/standalone_v6_4/src -s include  "SHELL=/bin/sh" "COMPILER=arm-none-eabi-gcc" "ARCHIVER=arm-none-eabi-ar" "COMPILER_FLAGS=  -O2 -c" "EXTRA_COMPILER_FLAGS=-mcpu=cortex-a9 -mfpu=vfpv3 -mfloat-abi=hard -nostartfiles -Wall -Wextra"
Running Make include in ps7_cortexa9_0/libsrc/cpu_cortexa9_v2_5/src
make -C ps7_cortexa9_0/libsrc/cpu_cortexa9_v2_5/src -s include  "SHELL=/bin/sh" "COMPILER=arm-none-eabi-gcc" "ARCHIVER=arm-none-eabi-ar" "COMPILER_FLAGS=  -O2 -c" "EXTRA_COMPILER_FLAGS=-mcpu=cortex-a9 -mfpu=vfpv3 -mfloat-abi=hard -nostartfiles -Wall -Wextra"
Running Make include in ps7_cortexa9_0/libsrc/emacps_v3_5/src
make -C ps7_cortexa9_0/libsrc/emacps_v3_5/src -s include  "SHELL=/bin/sh" "COMPILER=arm-none-eabi-gcc" "ARCHIVER=arm-none-eabi-ar" "COMPILER_FLAGS=  -O2 -c" "EXTRA_COMPILER_FLAGS=-mcpu=cortex-a9 -mfpu=vfpv3 -mfloat-abi=hard -nostartfiles -Wall -Wextra"
Running Make include in ps7_cortexa9_0/libsrc/xadcps_v2_2/src
make -C ps7_cortexa9_0/libsrc/xadcps_v2_2/src -s include  "SHELL=/bin/sh" "COMPILER=arm-none-eabi-gcc" "ARCHIVER=arm-none-eabi-ar" "COMPILER_FLAGS=  -O2 -c" "EXTRA_COMPILER_FLAGS=-mcpu=cortex-a9 -mfpu=vfpv3 -mfloat-abi=hard -nostartfiles -Wall -Wextra"
Running Make include in ps7_cortexa9_0/libsrc/devcfg_v3_5/src
make -C ps7_cortexa9_0/libsrc/devcfg_v3_5/src -s include  "SHELL=/bin/sh" "COMPILER=arm-none-eabi-gcc" "ARCHIVER=arm-none-eabi-ar" "COMPILER_FLAGS=  -O2 -c" "EXTRA_COMPILER_FLAGS=-mcpu=cortex-a9 -mfpu=vfpv3 -mfloat-abi=hard -nostartfiles -Wall -Wextra"
Running Make include in ps7_cortexa9_0/libsrc/myPWM_v1_0/src
make -C ps7_cortexa9_0/libsrc/myPWM_v1_0/src -s include  "SHELL=/bin/sh" "COMPILER=arm-none-eabi-gcc" "ARCHIVER=arm-none-eabi-ar" "COMPILER_FLAGS=  -O2 -c" "EXTRA_COMPILER_FLAGS=-mcpu=cortex-a9 -mfpu=vfpv3 -mfloat-abi=hard -nostartfiles -Wall -Wextra"
Running Make include in ps7_cortexa9_0/libsrc/scuwdt_v2_1/src
make -C ps7_cortexa9_0/libsrc/scuwdt_v2_1/src -s include  "SHELL=/bin/sh" "COMPILER=arm-none-eabi-gcc" "ARCHIVER=arm-none-eabi-ar" "COMPILER_FLAGS=  -O2 -c" "EXTRA_COMPILER_FLAGS=-mcpu=cortex-a9 -mfpu=vfpv3 -mfloat-abi=hard -nostartfiles -Wall -Wextra"
Running Make include in ps7_cortexa9_0/libsrc/uartps_v3_4/src
make -C ps7_cortexa9_0/libsrc/uartps_v3_4/src -s include  "SHELL=/bin/sh" "COMPILER=arm-none-eabi-gcc" "ARCHIVER=arm-none-eabi-ar" "COMPILER_FLAGS=  -O2 -c" "EXTRA_COMPILER_FLAGS=-mcpu=cortex-a9 -mfpu=vfpv3 -mfloat-abi=hard -nostartfiles -Wall -Wextra"
Running Make include in ps7_cortexa9_0/libsrc/coresightps_dcc_v1_4/src
make -C ps7_cortexa9_0/libsrc/coresightps_dcc_v1_4/src -s include  "SHELL=/bin/sh" "COMPILER=arm-none-eabi-gcc" "ARCHIVER=arm-none-eabi-ar" "COMPILER_FLAGS=  -O2 -c" "EXTRA_COMPILER_FLAGS=-mcpu=cortex-a9 -mfpu=vfpv3 -mfloat-abi=hard -nostartfiles -Wall -Wextra"
Running Make include in ps7_cortexa9_0/libsrc/scutimer_v2_1/src
make -C ps7_cortexa9_0/libsrc/scutimer_v2_1/src -s include  "SHELL=/bin/sh" "COMPILER=arm-none-eabi-gcc" "ARCHIVER=arm-none-eabi-ar" "COMPILER_FLAGS=  -O2 -c" "EXTRA_COMPILER_FLAGS=-mcpu=cortex-a9 -mfpu=vfpv3 -mfloat-abi=hard -nostartfiles -Wall -Wextra"
Running Make libs in ps7_cortexa9_0/libsrc/dmaps_v2_3/src
make -C ps7_cortexa9_0/libsrc/dmaps_v2_3/src -s libs  "SHELL=/bin/sh" "COMPILER=arm-none-eabi-gcc" "ARCHIVER=arm-none-eabi-ar" "COMPILER_FLAGS=  -O2 -c" "EXTRA_COMPILER_FLAGS=-mcpu=cortex-a9 -mfpu=vfpv3 -mfloat-abi=hard -nostartfiles -Wall -Wextra"
Compiling dmaps
arm-none-eabi-ar: creating ../../../lib/libxil.a
Running Make libs in ps7_cortexa9_0/libsrc/ddrps_v1_0/src
make -C ps7_cortexa9_0/libsrc/ddrps_v1_0/src -s libs  "SHELL=/bin/sh" "COMPILER=arm-none-eabi-gcc" "ARCHIVER=arm-none-eabi-ar" "COMPILER_FLAGS=  -O2 -c" "EXTRA_COMPILER_FLAGS=-mcpu=cortex-a9 -mfpu=vfpv3 -mfloat-abi=hard -nostartfiles -Wall -Wextra"
Compiling ddrps
Running Make libs in ps7_cortexa9_0/libsrc/qspips_v3_4/src
make -C ps7_cortexa9_0/libsrc/qspips_v3_4/src -s libs  "SHELL=/bin/sh" "COMPILER=arm-none-eabi-gcc" "ARCHIVER=arm-none-eabi-ar" "COMPILER_FLAGS=  -O2 -c" "EXTRA_COMPILER_FLAGS=-mcpu=cortex-a9 -mfpu=vfpv3 -mfloat-abi=hard -nostartfiles -Wall -Wextra"
Compiling qspips
Running Make libs in ps7_cortexa9_0/libsrc/gpiops_v3_3/src
make -C ps7_cortexa9_0/libsrc/gpiops_v3_3/src -s libs  "SHELL=/bin/sh" "COMPILER=arm-none-eabi-gcc" "ARCHIVER=arm-none-eabi-ar" "COMPILER_FLAGS=  -O2 -c" "EXTRA_COMPILER_FLAGS=-mcpu=cortex-a9 -mfpu=vfpv3 -mfloat-abi=hard -nostartfiles -Wall -Wextra"
Compiling gpiops
Running Make libs in ps7_cortexa9_0/libsrc/scugic_v3_8/src
make -C ps7_cortexa9_0/libsrc/scugic_v3_8/src -s libs  "SHELL=/bin/sh" "COMPILER=arm-none-eabi-gcc" "ARCHIVER=arm-none-eabi-ar" "COMPILER_FLAGS=  -O2 -c" "EXTRA_COMPILER_FLAGS=-mcpu=cortex-a9 -mfpu=vfpv3 -mfloat-abi=hard -nostartfiles -Wall -Wextra"
Compiling scugic
Running Make libs in ps7_cortexa9_0/libsrc/standalone_v6_4/src
make -C ps7_cortexa9_0/libsrc/standalone_v6_4/src -s libs  "SHELL=/bin/sh" "COMPILER=arm-none-eabi-gcc" "ARCHIVER=arm-none-eabi-ar" "COMPILER_FLAGS=  -O2 -c" "EXTRA_COMPILER_FLAGS=-mcpu=cortex-a9 -mfpu=vfpv3 -mfloat-abi=hard -nostartfiles -Wall -Wextra"
Compiling standalone
Running Make libs in ps7_cortexa9_0/libsrc/cpu_cortexa9_v2_5/src
make -C ps7_cortexa9_0/libsrc/cpu_cortexa9_v2_5/src -s libs  "SHELL=/bin/sh" "COMPILER=arm-none-eabi-gcc" "ARCHIVER=arm-none-eabi-ar" "COMPILER_FLAGS=  -O2 -c" "EXTRA_COMPILER_FLAGS=-mcpu=cortex-a9 -mfpu=vfpv3 -mfloat-abi=hard -nostartfiles -Wall -Wextra"
Compiling cpu_cortexa9
Running Make libs in ps7_cortexa9_0/libsrc/emacps_v3_5/src
make -C ps7_cortexa9_0/libsrc/emacps_v3_5/src -s libs  "SHELL=/bin/sh" "COMPILER=arm-none-eabi-gcc" "ARCHIVER=arm-none-eabi-ar" "COMPILER_FLAGS=  -O2 -c" "EXTRA_COMPILER_FLAGS=-mcpu=cortex-a9 -mfpu=vfpv3 -mfloat-abi=hard -nostartfiles -Wall -Wextra"
Compiling emacps
Running Make libs in ps7_cortexa9_0/libsrc/xadcps_v2_2/src
make -C ps7_cortexa9_0/libsrc/xadcps_v2_2/src -s libs  "SHELL=/bin/sh" "COMPILER=arm-none-eabi-gcc" "ARCHIVER=arm-none-eabi-ar" "COMPILER_FLAGS=  -O2 -c" "EXTRA_COMPILER_FLAGS=-mcpu=cortex-a9 -mfpu=vfpv3 -mfloat-abi=hard -nostartfiles -Wall -Wextra"
Compiling xadcps
Running Make libs in ps7_cortexa9_0/libsrc/devcfg_v3_5/src
make -C ps7_cortexa9_0/libsrc/devcfg_v3_5/src -s libs  "SHELL=/bin/sh" "COMPILER=arm-none-eabi-gcc" "ARCHIVER=arm-none-eabi-ar" "COMPILER_FLAGS=  -O2 -c" "EXTRA_COMPILER_FLAGS=-mcpu=cortex-a9 -mfpu=vfpv3 -mfloat-abi=hard -nostartfiles -Wall -Wextra"
Compiling devcfg
Running Make libs in ps7_cortexa9_0/libsrc/myPWM_v1_0/src
make -C ps7_cortexa9_0/libsrc/myPWM_v1_0/src -s libs  "SHELL=/bin/sh" "COMPILER=arm-none-eabi-gcc" "ARCHIVER=arm-none-eabi-ar" "COMPILER_FLAGS=  -O2 -c" "EXTRA_COMPILER_FLAGS=-mcpu=cortex-a9 -mfpu=vfpv3 -mfloat-abi=hard -nostartfiles -Wall -Wextra"
Compiling myPWM...
myPWM_selftest.c: In function 'MYPWM_Reg_SelfTest':
myPWM_selftest.c:52:54: warning: comparison between signed and unsigned integer expressions [-Wsign-compare]
    if ( MYPWM_mReadReg (baseaddr, read_loop_index*4) != (read_loop_index+1)*READ_WRITE_MUL_FACTOR){
                                                      ^~
myPWM_selftest.c:36:6: warning: unused variable 'Index' [-Wunused-variable]
  int Index;
      ^~~~~
Running Make libs in ps7_cortexa9_0/libsrc/scuwdt_v2_1/src
make -C ps7_cortexa9_0/libsrc/scuwdt_v2_1/src -s libs  "SHELL=/bin/sh" "COMPILER=arm-none-eabi-gcc" "ARCHIVER=arm-none-eabi-ar" "COMPILER_FLAGS=  -O2 -c" "EXTRA_COMPILER_FLAGS=-mcpu=cortex-a9 -mfpu=vfpv3 -mfloat-abi=hard -nostartfiles -Wall -Wextra"
Compiling scuwdt
Running Make libs in ps7_cortexa9_0/libsrc/uartps_v3_4/src
make -C ps7_cortexa9_0/libsrc/uartps_v3_4/src -s libs  "SHELL=/bin/sh" "COMPILER=arm-none-eabi-gcc" "ARCHIVER=arm-none-eabi-ar" "COMPILER_FLAGS=  -O2 -c" "EXTRA_COMPILER_FLAGS=-mcpu=cortex-a9 -mfpu=vfpv3 -mfloat-abi=hard -nostartfiles -Wall -Wextra"
Compiling uartps
Running Make libs in ps7_cortexa9_0/libsrc/coresightps_dcc_v1_4/src
make -C ps7_cortexa9_0/libsrc/coresightps_dcc_v1_4/src -s libs  "SHELL=/bin/sh" "COMPILER=arm-none-eabi-gcc" "ARCHIVER=arm-none-eabi-ar" "COMPILER_FLAGS=  -O2 -c" "EXTRA_COMPILER_FLAGS=-mcpu=cortex-a9 -mfpu=vfpv3 -mfloat-abi=hard -nostartfiles -Wall -Wextra"
Compiling coresightps_dcc
Running Make libs in ps7_cortexa9_0/libsrc/scutimer_v2_1/src
make -C ps7_cortexa9_0/libsrc/scutimer_v2_1/src -s libs  "SHELL=/bin/sh" "COMPILER=arm-none-eabi-gcc" "ARCHIVER=arm-none-eabi-ar" "COMPILER_FLAGS=  -O2 -c" "EXTRA_COMPILER_FLAGS=-mcpu=cortex-a9 -mfpu=vfpv3 -mfloat-abi=hard -nostartfiles -Wall -Wextra"
Compiling scutimer
Finished building libraries

**** Build of configuration Debug for project led_pwm ****

Nothing to build for project led_pwm
19:08:39 **** Auto Build of configuration Debug for project led_pwm ****
make pre-build main-build 
a9-linaro-pre-build-step
 
Building file: ../src/main.c
Invoking: ARM v7 gcc compiler
arm-none-eabi-gcc -Wall -O0 -g3 -c -fmessage-length=0 -MT"src/main.o" -mcpu=cortex-a9 -mfpu=vfpv3 -mfloat-abi=hard -I../../led_pwm_bsp/ps7_cortexa9_0/include -MMD -MP -MF"src/main.d" -MT"src/main.o" -o "src/main.o" "../src/main.c"
Finished building: ../src/main.c
 
Building target: led_pwm.elf
Invoking: ARM v7 gcc linker
arm-none-eabi-gcc -mcpu=cortex-a9 -mfpu=vfpv3 -mfloat-abi=hard -Wl,-build-id=none -specs=Xilinx.spec -Wl,-T -Wl,../src/lscript.ld -L../../led_pwm_bsp/ps7_cortexa9_0/lib -o "led_pwm.elf"  ./src/main.o   -Wl,--start-group,-lxil,-lgcc,-lc,--end-group
../../led_pwm_bsp/ps7_cortexa9_0/lib/libxil.a(xil-crt0.o): In function `_start':
xil-crt0.S:(.text+0x68): undefined reference to `main'
collect2: error: ld returned 1 exit status
make: *** [led_pwm.elf] Error 1
makefile:39: recipe for target 'led_pwm.elf' failed
19:10:36 **** Auto Build of configuration Debug for project led_pwm ****
make pre-build main-build 
a9-linaro-pre-build-step
 
Building file: ../src/main.c
Invoking: ARM v7 gcc compiler
arm-none-eabi-gcc -Wall -O0 -g3 -c -fmessage-length=0 -MT"src/main.o" -mcpu=cortex-a9 -mfpu=vfpv3 -mfloat-abi=hard -I../../led_pwm_bsp/ps7_cortexa9_0/include -MMD -MP -MF"src/main.d" -MT"src/main.o" -o "src/main.o" "../src/main.c"
../src/main.c: In function 'PWM_Enable':
../src/main.c:14:5: error: 'channel' undeclared (first use in this function)
  if(channel == 0)
     ^~~~~~~
../src/main.c:14:5: note: each undeclared identifier is reported only once for each function it appears in
../src/main.c: In function 'PWM_SetValue':
../src/main.c:45:11: error: expected expression before ')' token
  *((u32) *) MY_PWM_BASEADDR + channel) = pwmValue;
           ^
../src/main.c:45:38: error: expected statement before ')' token
  *((u32) *) MY_PWM_BASEADDR + channel) = pwmValue;
                                      ^
../src/main.c:45:40: error: expected expression before '=' token
  *((u32) *) MY_PWM_BASEADDR + channel) = pwmValue;
                                        ^
../src/main.c: At top level:
../src/main.c:54:6: warning: return type of 'main' is not 'int' [-Wmain]
 void main()
      ^~~~
../src/main.c: In function 'main':
../src/main.c:62:24: error: 'MYPWM_BASEADDR' undeclared (first use in this function)
             PWM_Enable(MYPWM_BASEADDR, k);
                        ^~~~~~~~~~~~~~
../src/main.c:62:13: error: too many arguments to function 'PWM_Enable'
             PWM_Enable(MYPWM_BASEADDR, k);
             ^~~~~~~~~~
src/subdir.mk:21: recipe for target 'src/main.o' failed
../src/main.c:11:6: note: declared here
 void PWM_Enable(u32 baseAddr)
      ^~~~~~~~~~
../src/main.c:72:13: error: too many arguments to function 'PWM_Disable'
             PWM_Disable(MYPWM_BASEADDR, k);
             ^~~~~~~~~~~
../src/main.c:32:6: note: declared here
 void PWM_Disable(u32 baseAddr)
      ^~~~~~~~~~~
../src/main.c: In function 'msleep':
../src/main.c:52:1: warning: control reaches end of non-void function [-Wreturn-type]
 }
 ^
make: *** [src/main.o] Error 1
19:15:15 **** Auto Build of configuration Debug for project led_pwm ****
make pre-build main-build 
a9-linaro-pre-build-step
 
Building file: ../src/main.c
Invoking: ARM v7 gcc compiler
arm-none-eabi-gcc -Wall -O0 -g3 -c -fmessage-length=0 -MT"src/main.o" -mcpu=cortex-a9 -mfpu=vfpv3 -mfloat-abi=hard -I../../led_pwm_bsp/ps7_cortexa9_0/include -MMD -MP -MF"src/main.d" -MT"src/main.o" -o "src/main.o" "../src/main.c"
../src/main.c: In function 'PWM_SetValue':
../src/main.c:45:11: error: expected expression before ')' token
  *((u32) *) MY_PWM_BASEADDR + channel) = pwmValue;
           ^
../src/main.c:45:38: error: expected statement before ')' token
  *((u32) *) MY_PWM_BASEADDR + channel) = pwmValue;
                                      ^
../src/main.c:45:40: error: expected expression before '=' token
  *((u32) *) MY_PWM_BASEADDR + channel) = pwmValue;
                                        ^
../src/main.c: At top level:
../src/main.c:54:6: warning: return type of 'main' is not 'int' [-Wmain]
 void main()
      ^~~~
../src/main.c: In function 'main':
../src/main.c:63:13: error: too many arguments to function 'PWM_Enable'
             PWM_Enable(MY_PWM_BASEADDR, k, j);
             ^~~~~~~~~~
../src/main.c:11:6: note: declared here
 void PWM_Enable(u32 baseAddr, int channel)
      ^~~~~~~~~~
../src/main.c:75:13: error: too many arguments to function 'PWM_Disable'
             PWM_Disable(MY_PWM_BASEADDR, k);
             ^~~~~~~~~~~
../src/main.c:32:6: note: declared here
 void PWM_Disable(u32 baseAddr)
      ^~~~~~~~~~~
../src/main.c: In function 'msleep':
../src/main.c:52:1: warning: control reaches end of non-void function [-Wreturn-type]
 }
 ^
make: *** [src/main.o] Error 1
src/subdir.mk:21: recipe for target 'src/main.o' failed
19:15:32 **** Auto Build of configuration Debug for project led_pwm ****
make pre-build main-build 
a9-linaro-pre-build-step
 
Building file: ../src/main.c
Invoking: ARM v7 gcc compiler
arm-none-eabi-gcc -Wall -O0 -g3 -c -fmessage-length=0 -MT"src/main.o" -mcpu=cortex-a9 -mfpu=vfpv3 -mfloat-abi=hard -I../../led_pwm_bsp/ps7_cortexa9_0/include -MMD -MP -MF"src/main.d" -MT"src/main.o" -o "src/main.o" "../src/main.c"
../src/main.c: In function 'PWM_SetValue':
../src/main.c:45:11: error: expected expression before ')' token
  *((u32) *) MY_PWM_BASEADDR + channel) = pwmValue;
           ^
../src/main.c:45:38: error: expected statement before ')' token
  *((u32) *) MY_PWM_BASEADDR + channel) = pwmValue;
                                      ^
../src/main.c:45:40: error: expected expression before '=' token
  *((u32) *) MY_PWM_BASEADDR + channel) = pwmValue;
                                        ^
../src/main.c: At top level:
../src/main.c:54:6: warning: return type of 'main' is not 'int' [-Wmain]
 void main()
      ^~~~
../src/main.c: In function 'main':
../src/main.c:63:13: error: too many arguments to function 'PWM_Enable'
             PWM_Enable(MY_PWM_BASEADDR, k, j);
             ^~~~~~~~~~
../src/main.c:11:6: note: declared here
 void PWM_Enable(u32 baseAddr, int channel)
      ^~~~~~~~~~
../src/main.c: In function 'msleep':
../src/main.c:52:1: warning: control reaches end of non-void function [-Wreturn-type]
 }
 ^
make: *** [src/main.o] Error 1
src/subdir.mk:21: recipe for target 'src/main.o' failed
19:15:49 **** Auto Build of configuration Debug for project led_pwm ****
make pre-build main-build 
a9-linaro-pre-build-step
 
Building file: ../src/main.c
Invoking: ARM v7 gcc compiler
arm-none-eabi-gcc -Wall -O0 -g3 -c -fmessage-length=0 -MT"src/main.o" -mcpu=cortex-a9 -mfpu=vfpv3 -mfloat-abi=hard -I../../led_pwm_bsp/ps7_cortexa9_0/include -MMD -MP -MF"src/main.d" -MT"src/main.o" -o "src/main.o" "../src/main.c"
../src/main.c: In function 'PWM_SetValue':
../src/main.c:45:11: error: expected expression before ')' token
  *((u32) *) MY_PWM_BASEADDR + channel) = pwmValue;
           ^
../src/main.c:45:38: error: expected statement before ')' token
  *((u32) *) MY_PWM_BASEADDR + channel) = pwmValue;
                                      ^
../src/main.c:45:40: error: expected expression before '=' token
  *((u32) *) MY_PWM_BASEADDR + channel) = pwmValue;
                                        ^
../src/main.c: At top level:
../src/main.c:54:6: warning: return type of 'main' is not 'int' [-Wmain]
 void main()
      ^~~~
../src/main.c: In function 'msleep':
../src/main.c:52:1: warning: control reaches end of non-void function [-Wreturn-type]
src/subdir.mk:21: recipe for target 'src/main.o' failed
 }
 ^
make: *** [src/main.o] Error 1
19:17:11 **** Auto Build of configuration Debug for project led_pwm ****
make pre-build main-build 
a9-linaro-pre-build-step
 
Building file: ../src/main.c
Invoking: ARM v7 gcc compiler
arm-none-eabi-gcc -Wall -O0 -g3 -c -fmessage-length=0 -MT"src/main.o" -mcpu=cortex-a9 -mfpu=vfpv3 -mfloat-abi=hard -I../../led_pwm_bsp/ps7_cortexa9_0/include -MMD -MP -MF"src/main.d" -MT"src/main.o" -o "src/main.o" "../src/main.c"
../src/main.c: In function 'PWM_SetValue':
../src/main.c:45:11: error: expected expression before ')' token
  *((u32) *) MY_PWM_BASEADDR + channel) = pwmValue;
           ^
../src/main.c:45:38: error: expected statement before ')' token
  *((u32) *) MY_PWM_BASEADDR + channel) = pwmValue;
                                      ^
../src/main.c:45:40: error: expected expression before '=' token
src/subdir.mk:21: recipe for target 'src/main.o' failed
  *((u32) *) MY_PWM_BASEADDR + channel) = pwmValue;
                                        ^
../src/main.c: At top level:
../src/main.c:54:6: warning: return type of 'main' is not 'int' [-Wmain]
 void main()
      ^~~~
../src/main.c: In function 'msleep':
../src/main.c:52:1: warning: control reaches end of non-void function [-Wreturn-type]
 }
 ^
make: *** [src/main.o] Error 1
20:20:11 **** Build of project led_pwm_bsp ****
make -k all 
Running Make include in ps7_cortexa9_0/libsrc/dmaps_v2_3/src
make -C ps7_cortexa9_0/libsrc/dmaps_v2_3/src -s include  "SHELL=/bin/sh" "COMPILER=arm-none-eabi-gcc" "ARCHIVER=arm-none-eabi-ar" "COMPILER_FLAGS=  -O2 -c" "EXTRA_COMPILER_FLAGS=-mcpu=cortex-a9 -mfpu=vfpv3 -mfloat-abi=hard -nostartfiles -Wall -Wextra"
Running Make include in ps7_cortexa9_0/libsrc/ddrps_v1_0/src
make -C ps7_cortexa9_0/libsrc/ddrps_v1_0/src -s include  "SHELL=/bin/sh" "COMPILER=arm-none-eabi-gcc" "ARCHIVER=arm-none-eabi-ar" "COMPILER_FLAGS=  -O2 -c" "EXTRA_COMPILER_FLAGS=-mcpu=cortex-a9 -mfpu=vfpv3 -mfloat-abi=hard -nostartfiles -Wall -Wextra"
Running Make include in ps7_cortexa9_0/libsrc/qspips_v3_4/src
make -C ps7_cortexa9_0/libsrc/qspips_v3_4/src -s include  "SHELL=/bin/sh" "COMPILER=arm-none-eabi-gcc" "ARCHIVER=arm-none-eabi-ar" "COMPILER_FLAGS=  -O2 -c" "EXTRA_COMPILER_FLAGS=-mcpu=cortex-a9 -mfpu=vfpv3 -mfloat-abi=hard -nostartfiles -Wall -Wextra"
Running Make include in ps7_cortexa9_0/libsrc/gpiops_v3_3/src
make -C ps7_cortexa9_0/libsrc/gpiops_v3_3/src -s include  "SHELL=/bin/sh" "COMPILER=arm-none-eabi-gcc" "ARCHIVER=arm-none-eabi-ar" "COMPILER_FLAGS=  -O2 -c" "EXTRA_COMPILER_FLAGS=-mcpu=cortex-a9 -mfpu=vfpv3 -mfloat-abi=hard -nostartfiles -Wall -Wextra"
Running Make include in ps7_cortexa9_0/libsrc/scugic_v3_8/src
make -C ps7_cortexa9_0/libsrc/scugic_v3_8/src -s include  "SHELL=/bin/sh" "COMPILER=arm-none-eabi-gcc" "ARCHIVER=arm-none-eabi-ar" "COMPILER_FLAGS=  -O2 -c" "EXTRA_COMPILER_FLAGS=-mcpu=cortex-a9 -mfpu=vfpv3 -mfloat-abi=hard -nostartfiles -Wall -Wextra"
Running Make include in ps7_cortexa9_0/libsrc/standalone_v6_4/src
make -C ps7_cortexa9_0/libsrc/standalone_v6_4/src -s include  "SHELL=/bin/sh" "COMPILER=arm-none-eabi-gcc" "ARCHIVER=arm-none-eabi-ar" "COMPILER_FLAGS=  -O2 -c" "EXTRA_COMPILER_FLAGS=-mcpu=cortex-a9 -mfpu=vfpv3 -mfloat-abi=hard -nostartfiles -Wall -Wextra"
Running Make include in ps7_cortexa9_0/libsrc/cpu_cortexa9_v2_5/src
make -C ps7_cortexa9_0/libsrc/cpu_cortexa9_v2_5/src -s include  "SHELL=/bin/sh" "COMPILER=arm-none-eabi-gcc" "ARCHIVER=arm-none-eabi-ar" "COMPILER_FLAGS=  -O2 -c" "EXTRA_COMPILER_FLAGS=-mcpu=cortex-a9 -mfpu=vfpv3 -mfloat-abi=hard -nostartfiles -Wall -Wextra"
Running Make include in ps7_cortexa9_0/libsrc/emacps_v3_5/src
make -C ps7_cortexa9_0/libsrc/emacps_v3_5/src -s include  "SHELL=/bin/sh" "COMPILER=arm-none-eabi-gcc" "ARCHIVER=arm-none-eabi-ar" "COMPILER_FLAGS=  -O2 -c" "EXTRA_COMPILER_FLAGS=-mcpu=cortex-a9 -mfpu=vfpv3 -mfloat-abi=hard -nostartfiles -Wall -Wextra"
Running Make include in ps7_cortexa9_0/libsrc/xadcps_v2_2/src
make -C ps7_cortexa9_0/libsrc/xadcps_v2_2/src -s include  "SHELL=/bin/sh" "COMPILER=arm-none-eabi-gcc" "ARCHIVER=arm-none-eabi-ar" "COMPILER_FLAGS=  -O2 -c" "EXTRA_COMPILER_FLAGS=-mcpu=cortex-a9 -mfpu=vfpv3 -mfloat-abi=hard -nostartfiles -Wall -Wextra"
Running Make include in ps7_cortexa9_0/libsrc/devcfg_v3_5/src
make -C ps7_cortexa9_0/libsrc/devcfg_v3_5/src -s include  "SHELL=/bin/sh" "COMPILER=arm-none-eabi-gcc" "ARCHIVER=arm-none-eabi-ar" "COMPILER_FLAGS=  -O2 -c" "EXTRA_COMPILER_FLAGS=-mcpu=cortex-a9 -mfpu=vfpv3 -mfloat-abi=hard -nostartfiles -Wall -Wextra"
Running Make include in ps7_cortexa9_0/libsrc/myPWM_v1_0/src
make -C ps7_cortexa9_0/libsrc/myPWM_v1_0/src -s include  "SHELL=/bin/sh" "COMPILER=arm-none-eabi-gcc" "ARCHIVER=arm-none-eabi-ar" "COMPILER_FLAGS=  -O2 -c" "EXTRA_COMPILER_FLAGS=-mcpu=cortex-a9 -mfpu=vfpv3 -mfloat-abi=hard -nostartfiles -Wall -Wextra"
Running Make include in ps7_cortexa9_0/libsrc/scuwdt_v2_1/src
make -C ps7_cortexa9_0/libsrc/scuwdt_v2_1/src -s include  "SHELL=/bin/sh" "COMPILER=arm-none-eabi-gcc" "ARCHIVER=arm-none-eabi-ar" "COMPILER_FLAGS=  -O2 -c" "EXTRA_COMPILER_FLAGS=-mcpu=cortex-a9 -mfpu=vfpv3 -mfloat-abi=hard -nostartfiles -Wall -Wextra"
Running Make include in ps7_cortexa9_0/libsrc/uartps_v3_4/src
make -C ps7_cortexa9_0/libsrc/uartps_v3_4/src -s include  "SHELL=/bin/sh" "COMPILER=arm-none-eabi-gcc" "ARCHIVER=arm-none-eabi-ar" "COMPILER_FLAGS=  -O2 -c" "EXTRA_COMPILER_FLAGS=-mcpu=cortex-a9 -mfpu=vfpv3 -mfloat-abi=hard -nostartfiles -Wall -Wextra"
Running Make include in ps7_cortexa9_0/libsrc/coresightps_dcc_v1_4/src
make -C ps7_cortexa9_0/libsrc/coresightps_dcc_v1_4/src -s include  "SHELL=/bin/sh" "COMPILER=arm-none-eabi-gcc" "ARCHIVER=arm-none-eabi-ar" "COMPILER_FLAGS=  -O2 -c" "EXTRA_COMPILER_FLAGS=-mcpu=cortex-a9 -mfpu=vfpv3 -mfloat-abi=hard -nostartfiles -Wall -Wextra"
Running Make include in ps7_cortexa9_0/libsrc/scutimer_v2_1/src
make -C ps7_cortexa9_0/libsrc/scutimer_v2_1/src -s include  "SHELL=/bin/sh" "COMPILER=arm-none-eabi-gcc" "ARCHIVER=arm-none-eabi-ar" "COMPILER_FLAGS=  -O2 -c" "EXTRA_COMPILER_FLAGS=-mcpu=cortex-a9 -mfpu=vfpv3 -mfloat-abi=hard -nostartfiles -Wall -Wextra"
Running Make libs in ps7_cortexa9_0/libsrc/dmaps_v2_3/src
make -C ps7_cortexa9_0/libsrc/dmaps_v2_3/src -s libs  "SHELL=/bin/sh" "COMPILER=arm-none-eabi-gcc" "ARCHIVER=arm-none-eabi-ar" "COMPILER_FLAGS=  -O2 -c" "EXTRA_COMPILER_FLAGS=-mcpu=cortex-a9 -mfpu=vfpv3 -mfloat-abi=hard -nostartfiles -Wall -Wextra"
Compiling dmaps
Running Make libs in ps7_cortexa9_0/libsrc/ddrps_v1_0/src
make -C ps7_cortexa9_0/libsrc/ddrps_v1_0/src -s libs  "SHELL=/bin/sh" "COMPILER=arm-none-eabi-gcc" "ARCHIVER=arm-none-eabi-ar" "COMPILER_FLAGS=  -O2 -c" "EXTRA_COMPILER_FLAGS=-mcpu=cortex-a9 -mfpu=vfpv3 -mfloat-abi=hard -nostartfiles -Wall -Wextra"
Compiling ddrps
Running Make libs in ps7_cortexa9_0/libsrc/qspips_v3_4/src
make -C ps7_cortexa9_0/libsrc/qspips_v3_4/src -s libs  "SHELL=/bin/sh" "COMPILER=arm-none-eabi-gcc" "ARCHIVER=arm-none-eabi-ar" "COMPILER_FLAGS=  -O2 -c" "EXTRA_COMPILER_FLAGS=-mcpu=cortex-a9 -mfpu=vfpv3 -mfloat-abi=hard -nostartfiles -Wall -Wextra"
Compiling qspips
Running Make libs in ps7_cortexa9_0/libsrc/gpiops_v3_3/src
make -C ps7_cortexa9_0/libsrc/gpiops_v3_3/src -s libs  "SHELL=/bin/sh" "COMPILER=arm-none-eabi-gcc" "ARCHIVER=arm-none-eabi-ar" "COMPILER_FLAGS=  -O2 -c" "EXTRA_COMPILER_FLAGS=-mcpu=cortex-a9 -mfpu=vfpv3 -mfloat-abi=hard -nostartfiles -Wall -Wextra"
Compiling gpiops
Running Make libs in ps7_cortexa9_0/libsrc/scugic_v3_8/src
make -C ps7_cortexa9_0/libsrc/scugic_v3_8/src -s libs  "SHELL=/bin/sh" "COMPILER=arm-none-eabi-gcc" "ARCHIVER=arm-none-eabi-ar" "COMPILER_FLAGS=  -O2 -c" "EXTRA_COMPILER_FLAGS=-mcpu=cortex-a9 -mfpu=vfpv3 -mfloat-abi=hard -nostartfiles -Wall -Wextra"
Compiling scugic
Running Make libs in ps7_cortexa9_0/libsrc/standalone_v6_4/src
make -C ps7_cortexa9_0/libsrc/standalone_v6_4/src -s libs  "SHELL=/bin/sh" "COMPILER=arm-none-eabi-gcc" "ARCHIVER=arm-none-eabi-ar" "COMPILER_FLAGS=  -O2 -c" "EXTRA_COMPILER_FLAGS=-mcpu=cortex-a9 -mfpu=vfpv3 -mfloat-abi=hard -nostartfiles -Wall -Wextra"
Compiling standalone
Running Make libs in ps7_cortexa9_0/libsrc/cpu_cortexa9_v2_5/src
make -C ps7_cortexa9_0/libsrc/cpu_cortexa9_v2_5/src -s libs  "SHELL=/bin/sh" "COMPILER=arm-none-eabi-gcc" "ARCHIVER=arm-none-eabi-ar" "COMPILER_FLAGS=  -O2 -c" "EXTRA_COMPILER_FLAGS=-mcpu=cortex-a9 -mfpu=vfpv3 -mfloat-abi=hard -nostartfiles -Wall -Wextra"
Compiling cpu_cortexa9
Running Make libs in ps7_cortexa9_0/libsrc/emacps_v3_5/src
make -C ps7_cortexa9_0/libsrc/emacps_v3_5/src -s libs  "SHELL=/bin/sh" "COMPILER=arm-none-eabi-gcc" "ARCHIVER=arm-none-eabi-ar" "COMPILER_FLAGS=  -O2 -c" "EXTRA_COMPILER_FLAGS=-mcpu=cortex-a9 -mfpu=vfpv3 -mfloat-abi=hard -nostartfiles -Wall -Wextra"
Compiling emacps
Running Make libs in ps7_cortexa9_0/libsrc/xadcps_v2_2/src
make -C ps7_cortexa9_0/libsrc/xadcps_v2_2/src -s libs  "SHELL=/bin/sh" "COMPILER=arm-none-eabi-gcc" "ARCHIVER=arm-none-eabi-ar" "COMPILER_FLAGS=  -O2 -c" "EXTRA_COMPILER_FLAGS=-mcpu=cortex-a9 -mfpu=vfpv3 -mfloat-abi=hard -nostartfiles -Wall -Wextra"
Compiling xadcps
Running Make libs in ps7_cortexa9_0/libsrc/devcfg_v3_5/src
make -C ps7_cortexa9_0/libsrc/devcfg_v3_5/src -s libs  "SHELL=/bin/sh" "COMPILER=arm-none-eabi-gcc" "ARCHIVER=arm-none-eabi-ar" "COMPILER_FLAGS=  -O2 -c" "EXTRA_COMPILER_FLAGS=-mcpu=cortex-a9 -mfpu=vfpv3 -mfloat-abi=hard -nostartfiles -Wall -Wextra"
Compiling devcfg
Running Make libs in ps7_cortexa9_0/libsrc/myPWM_v1_0/src
make -C ps7_cortexa9_0/libsrc/myPWM_v1_0/src -s libs  "SHELL=/bin/sh" "COMPILER=arm-none-eabi-gcc" "ARCHIVER=arm-none-eabi-ar" "COMPILER_FLAGS=  -O2 -c" "EXTRA_COMPILER_FLAGS=-mcpu=cortex-a9 -mfpu=vfpv3 -mfloat-abi=hard -nostartfiles -Wall -Wextra"
Compiling myPWM...
myPWM_selftest.c: In function 'MYPWM_Reg_SelfTest':
myPWM_selftest.c:52:54: warning: comparison between signed and unsigned integer expressions [-Wsign-compare]
    if ( MYPWM_mReadReg (baseaddr, read_loop_index*4) != (read_loop_index+1)*READ_WRITE_MUL_FACTOR){
                                                      ^~
myPWM_selftest.c:36:6: warning: unused variable 'Index' [-Wunused-variable]
  int Index;
      ^~~~~
Running Make libs in ps7_cortexa9_0/libsrc/scuwdt_v2_1/src
make -C ps7_cortexa9_0/libsrc/scuwdt_v2_1/src -s libs  "SHELL=/bin/sh" "COMPILER=arm-none-eabi-gcc" "ARCHIVER=arm-none-eabi-ar" "COMPILER_FLAGS=  -O2 -c" "EXTRA_COMPILER_FLAGS=-mcpu=cortex-a9 -mfpu=vfpv3 -mfloat-abi=hard -nostartfiles -Wall -Wextra"
Compiling scuwdt
Running Make libs in ps7_cortexa9_0/libsrc/uartps_v3_4/src
make -C ps7_cortexa9_0/libsrc/uartps_v3_4/src -s libs  "SHELL=/bin/sh" "COMPILER=arm-none-eabi-gcc" "ARCHIVER=arm-none-eabi-ar" "COMPILER_FLAGS=  -O2 -c" "EXTRA_COMPILER_FLAGS=-mcpu=cortex-a9 -mfpu=vfpv3 -mfloat-abi=hard -nostartfiles -Wall -Wextra"
Compiling uartps
Running Make libs in ps7_cortexa9_0/libsrc/coresightps_dcc_v1_4/src
make -C ps7_cortexa9_0/libsrc/coresightps_dcc_v1_4/src -s libs  "SHELL=/bin/sh" "COMPILER=arm-none-eabi-gcc" "ARCHIVER=arm-none-eabi-ar" "COMPILER_FLAGS=  -O2 -c" "EXTRA_COMPILER_FLAGS=-mcpu=cortex-a9 -mfpu=vfpv3 -mfloat-abi=hard -nostartfiles -Wall -Wextra"
Compiling coresightps_dcc
Running Make libs in ps7_cortexa9_0/libsrc/scutimer_v2_1/src
make -C ps7_cortexa9_0/libsrc/scutimer_v2_1/src -s libs  "SHELL=/bin/sh" "COMPILER=arm-none-eabi-gcc" "ARCHIVER=arm-none-eabi-ar" "COMPILER_FLAGS=  -O2 -c" "EXTRA_COMPILER_FLAGS=-mcpu=cortex-a9 -mfpu=vfpv3 -mfloat-abi=hard -nostartfiles -Wall -Wextra"
Compiling scutimer
Finished building libraries
20:20:18 **** Clean-only build of configuration Debug for project led_pwm ****
make clean 
rm -rf  ./src/main.o  ./src/main.d  led_pwm.elf.size  led_pwm.elf
 
20:20:18 **** Build of configuration Debug for project led_pwm ****
make pre-build main-build 
a9-linaro-pre-build-step
 
Building file: ../src/main.c
Invoking: ARM v7 gcc compiler
arm-none-eabi-gcc -Wall -O0 -g3 -c -fmessage-length=0 -MT"src/main.o" -mcpu=cortex-a9 -mfpu=vfpv3 -mfloat-abi=hard -I../../led_pwm_bsp/ps7_cortexa9_0/include -MMD -MP -MF"src/main.d" -MT"src/main.o" -o "src/main.o" "../src/main.c"
../src/main.c: In function 'PWM_SetValue':
../src/main.c:45:11: error: expected expression before ')' token
  *((u32) *) MY_PWM_BASEADDR + channel) = pwmValue;
           ^
src/subdir.mk:21: recipe for target 'src/main.o' failed
../src/main.c:45:38: error: expected statement before ')' token
  *((u32) *) MY_PWM_BASEADDR + channel) = pwmValue;
                                      ^
../src/main.c:45:40: error: expected expression before '=' token
  *((u32) *) MY_PWM_BASEADDR + channel) = pwmValue;
                                        ^
../src/main.c: At top level:
../src/main.c:54:6: warning: return type of 'main' is not 'int' [-Wmain]
 void main()
      ^~~~
../src/main.c: In function 'msleep':
../src/main.c:52:1: warning: control reaches end of non-void function [-Wreturn-type]
 }
 ^
make: *** [src/main.o] Error 1
20:21:42 **** Auto Build of configuration Debug for project led_pwm ****
make pre-build main-build 
a9-linaro-pre-build-step
 
Building file: ../src/main.c
Invoking: ARM v7 gcc compiler
arm-none-eabi-gcc -Wall -O0 -g3 -c -fmessage-length=0 -MT"src/main.o" -mcpu=cortex-a9 -mfpu=vfpv3 -mfloat-abi=hard -I../../led_pwm_bsp/ps7_cortexa9_0/include -MMD -MP -MF"src/main.d" -MT"src/main.o" -o "src/main.o" "../src/main.c"
../src/main.c: In function 'PWM_Enable':
../src/main.c:14:5: error: 'channel' undeclared (first use in this function)
  if(channel == 0)
     ^~~~~~~
../src/main.c:14:5: note: each undeclared identifier is reported only once for each function it appears in
../src/main.c: In function 'PWM_SetValue':
../src/main.c:45:11: error: expected expression before ')' token
  *((u32) *) MY_PWM_BASEADDR) = pwmValue;
           ^
../src/main.c:45:28: error: expected statement before ')' token
  *((u32) *) MY_PWM_BASEADDR) = pwmValue;
src/subdir.mk:21: recipe for target 'src/main.o' failed
                            ^
../src/main.c:45:30: error: expected expression before '=' token
  *((u32) *) MY_PWM_BASEADDR) = pwmValue;
                              ^
../src/main.c: At top level:
../src/main.c:54:6: warning: return type of 'main' is not 'int' [-Wmain]
 void main()
      ^~~~
../src/main.c: In function 'main':
../src/main.c:65:9: error: too many arguments to function 'PWM_SetValue'
         PWM_SetValue(MY_PWM_BASEADDR, 0, j);
         ^~~~~~~~~~~~
../src/main.c:42:6: note: declared here
 void PWM_SetValue(u32 baseAddr, u32 pwmValue)
      ^~~~~~~~~~~~
../src/main.c: In function 'msleep':
../src/main.c:52:1: warning: control reaches end of non-void function [-Wreturn-type]
 }
 ^
make: *** [src/main.o] Error 1
20:21:56 **** Auto Build of configuration Debug for project led_pwm ****
make pre-build main-build 
a9-linaro-pre-build-step
 
Building file: ../src/main.c
Invoking: ARM v7 gcc compiler
arm-none-eabi-gcc -Wall -O0 -g3 -c -fmessage-length=0 -MT"src/main.o" -mcpu=cortex-a9 -mfpu=vfpv3 -mfloat-abi=hard -I../../led_pwm_bsp/ps7_cortexa9_0/include -MMD -MP -MF"src/main.d" -MT"src/main.o" -o "src/main.o" "../src/main.c"
../src/main.c: In function 'PWM_Enable':
../src/main.c:14:5: error: 'channel' undeclared (first use in this function)
  if(channel == 0)
     ^~~~~~~
../src/main.c:14:5: note: each undeclared identifier is reported only once for each function it appears in
../src/main.c: In function 'PWM_SetValue':
../src/main.c:45:11: error: expected expression before ')' token
  *((u32) *) MY_PWM_BASEADDR) = pwmValue;
           ^
../src/main.c:45:28: error: expected statement before ')' token
  *((u32) *) MY_PWM_BASEADDR) = pwmValue;
                            ^
../src/main.c:45:30: error: expected expression before '=' token
  *((u32) *) MY_PWM_BASEADDR) = pwmValue;
                              ^
../src/main.c: At top level:
../src/main.c:54:6: warning: return type of 'main' is not 'int' [-Wmain]
 void main()
src/subdir.mk:21: recipe for target 'src/main.o' failed
      ^~~~
../src/main.c: In function 'main':
../src/main.c:65:9: error: too many arguments to function 'PWM_SetValue'
         PWM_SetValue(MY_PWM_BASEADDR, 0, j);
         ^~~~~~~~~~~~
../src/main.c:42:6: note: declared here
 void PWM_SetValue(u32 baseAddr, u32 pwmValue)
      ^~~~~~~~~~~~
../src/main.c: In function 'msleep':
../src/main.c:52:1: warning: control reaches end of non-void function [-Wreturn-type]
 }
 ^
make: *** [src/main.o] Error 1
20:22:20 **** Auto Build of configuration Debug for project led_pwm ****
make pre-build main-build 
a9-linaro-pre-build-step
 
Building file: ../src/main.c
Invoking: ARM v7 gcc compiler
arm-none-eabi-gcc -Wall -O0 -g3 -c -fmessage-length=0 -MT"src/main.o" -mcpu=cortex-a9 -mfpu=vfpv3 -mfloat-abi=hard -I../../led_pwm_bsp/ps7_cortexa9_0/include -MMD -MP -MF"src/main.d" -MT"src/main.o" -o "src/main.o" "../src/main.c"
../src/main.c: In function 'PWM_SetValue':
../src/main.c:45:11: error: expected expression before ')' token
  *((u32) *) MY_PWM_BASEADDR) = pwmValue;
           ^
../src/main.c:45:28: error: expected statement before ')' token
  *((u32) *) MY_PWM_BASEADDR) = pwmValue;
                            ^
../src/main.c:45:30: error: expected expression before '=' token
  *((u32) *) MY_PWM_BASEADDR) = pwmValue;
                              ^
../src/main.c: At top level:
../src/main.c:54:6: warning: return type of 'main' is not 'int' [-Wmain]
 void main()
      ^~~~
../src/main.c: In function 'main':
../src/main.c:65:9: error: too many arguments to function 'PWM_SetValue'
         PWM_SetValue(MY_PWM_BASEADDR, 0, j);
         ^~~~~~~~~~~~
../src/main.c:42:6: note: declared here
 void PWM_SetValue(u32 baseAddr, u32 pwmValue)
      ^~~~~~~~~~~~
../src/main.c: In function 'msleep':
../src/main.c:52:1: warning: control reaches end of non-void function [-Wreturn-type]
 }
 ^
make: *** [src/main.o] Error 1
src/subdir.mk:21: recipe for target 'src/main.o' failed
20:22:57 **** Auto Build of configuration Debug for project led_pwm ****
make pre-build main-build 
a9-linaro-pre-build-step
 
Building file: ../src/main.c
Invoking: ARM v7 gcc compiler
arm-none-eabi-gcc -Wall -O0 -g3 -c -fmessage-length=0 -MT"src/main.o" -mcpu=cortex-a9 -mfpu=vfpv3 -mfloat-abi=hard -I../../led_pwm_bsp/ps7_cortexa9_0/include -MMD -MP -MF"src/main.d" -MT"src/main.o" -o "src/main.o" "../src/main.c"
../src/main.c: In function 'PWM_SetValue':
../src/main.c:45:11: error: expected expression before ')' token
  *((u32) *) MY_PWM_BASEADDR) = pwmValue;
           ^
../src/main.c:45:28: error: expected statement before ')' token
  *((u32) *) MY_PWM_BASEADDR) = pwmValue;
                            ^
../src/main.c:45:30: error: expected expression before '=' token
  *((u32) *) MY_PWM_BASEADDR) = pwmValue;
                              ^
../src/main.c: At top level:
../src/main.c:54:6: warning: return type of 'main' is not 'int' [-Wmain]
 void main()
      ^~~~
../src/main.c: In function 'msleep':
../src/main.c:52:1: warning: control reaches end of non-void function [-Wreturn-type]
 }
 ^
make: *** [src/main.o] Error 1
src/subdir.mk:21: recipe for target 'src/main.o' failed
20:23:56 **** Auto Build of configuration Debug for project led_pwm ****
make pre-build main-build 
a9-linaro-pre-build-step
 
Building file: ../src/main.c
Invoking: ARM v7 gcc compiler
arm-none-eabi-gcc -Wall -O0 -g3 -c -fmessage-length=0 -MT"src/main.o" -mcpu=cortex-a9 -mfpu=vfpv3 -mfloat-abi=hard -I../../led_pwm_bsp/ps7_cortexa9_0/include -MMD -MP -MF"src/main.d" -MT"src/main.o" -o "src/main.o" "../src/main.c"
../src/main.c:54:6: warning: return type of 'main' is not 'int' [-Wmain]
 void main()
      ^~~~
../src/main.c: In function 'msleep':
../src/main.c:52:1: warning: control reaches end of non-void function [-Wreturn-type]
 }
 ^
Finished building: ../src/main.c
 
Building target: led_pwm.elf
Invoking: ARM v7 gcc linker
arm-none-eabi-gcc -mcpu=cortex-a9 -mfpu=vfpv3 -mfloat-abi=hard -Wl,-build-id=none -specs=Xilinx.spec -Wl,-T -Wl,../src/lscript.ld -L../../led_pwm_bsp/ps7_cortexa9_0/lib -o "led_pwm.elf"  ./src/main.o   -Wl,--start-group,-lxil,-lgcc,-lc,--end-group
Finished building target: led_pwm.elf
 
Invoking: ARM v7 Print Size
arm-none-eabi-size led_pwm.elf  |tee "led_pwm.elf.size"
   text	   data	    bss	    dec	    hex	filename
  19316	   1148	  22568	  43032	   a818	led_pwm.elf
Finished building: led_pwm.elf.size
 
20:25:05 **** Incremental Build of configuration Debug for project led_pwm ****
make pre-build main-build 
a9-linaro-pre-build-step
 
make: Nothing to be done for 'main-build'.
20:25:28 **** Incremental Build of configuration Debug for project led_pwm ****
make pre-build main-build 
a9-linaro-pre-build-step
 
make: Nothing to be done for 'main-build'.
20:25:51 **** Incremental Build of configuration Debug for project led_pwm ****
make pre-build main-build 
a9-linaro-pre-build-step
 
Building file: ../src/main.c
Invoking: ARM v7 gcc compiler
arm-none-eabi-gcc -Wall -O0 -g3 -c -fmessage-length=0 -MT"src/main.o" -mcpu=cortex-a9 -mfpu=vfpv3 -mfloat-abi=hard -I../../led_pwm_bsp/ps7_cortexa9_0/include -MMD -MP -MF"src/main.d" -MT"src/main.o" -o "src/main.o" "../src/main.c"
../src/main.c:54:6: warning: return type of 'main' is not 'int' [-Wmain]
 void main()
      ^~~~
../src/main.c: In function 'msleep':
../src/main.c:52:1: warning: control reaches end of non-void function [-Wreturn-type]
 }
 ^
Finished building: ../src/main.c
 
Building target: led_pwm.elf
Invoking: ARM v7 gcc linker
arm-none-eabi-gcc -mcpu=cortex-a9 -mfpu=vfpv3 -mfloat-abi=hard -Wl,-build-id=none -specs=Xilinx.spec -Wl,-T -Wl,../src/lscript.ld -L../../led_pwm_bsp/ps7_cortexa9_0/lib -o "led_pwm.elf"  ./src/main.o   -Wl,--start-group,-lxil,-lgcc,-lc,--end-group
Finished building target: led_pwm.elf
 
Invoking: ARM v7 Print Size
arm-none-eabi-size led_pwm.elf  |tee "led_pwm.elf.size"
   text	   data	    bss	    dec	    hex	filename
  19316	   1148	  22568	  43032	   a818	led_pwm.elf
Finished building: led_pwm.elf.size
 
21:17:56 **** Auto Build of configuration Debug for project led_pwm ****
make pre-build main-build 
a9-linaro-pre-build-step
 
Building file: ../src/main.c
Invoking: ARM v7 gcc compiler
arm-none-eabi-gcc -Wall -O0 -g3 -c -fmessage-length=0 -MT"src/main.o" -mcpu=cortex-a9 -mfpu=vfpv3 -mfloat-abi=hard -I../../led_pwm_bsp/ps7_cortexa9_0/include -MMD -MP -MF"src/main.d" -MT"src/main.o" -o "src/main.o" "../src/main.c"
../src/main.c: In function 'PWM_Enable':
../src/main.c:14:5: error: 'channel' undeclared (first use in this function)
src/subdir.mk:21: recipe for target 'src/main.o' failed
  if(channel == 0)
     ^~~~~~~
../src/main.c:14:5: note: each undeclared identifier is reported only once for each function it appears in
../src/main.c: At top level:
../src/main.c:54:6: warning: return type of 'main' is not 'int' [-Wmain]
 void main()
      ^~~~
../src/main.c: In function 'main':
../src/main.c:64:13: error: too many arguments to function 'PWM_Enable'
             PWM_Enable(MY_PWM_BASEADDR, k);
             ^~~~~~~~~~
../src/main.c:11:6: note: declared here
 void PWM_Enable(u32 baseAddr)
      ^~~~~~~~~~
../src/main.c:72:17: error: too many arguments to function 'PWM_SetValue'
                 PWM_SetValue(MY_PWM_BASEADDR, k, j);
                 ^~~~~~~~~~~~
../src/main.c:42:6: note: declared here
 void PWM_SetValue(u32 baseAddr, u32 pwmValue)
      ^~~~~~~~~~~~
../src/main.c:76:25: error: 'MYPWM_BASEADDR' undeclared (first use in this function)
             PWM_Disable(MYPWM_BASEADDR, k);
                         ^~~~~~~~~~~~~~
../src/main.c:76:13: error: too many arguments to function 'PWM_Disable'
             PWM_Disable(MYPWM_BASEADDR, k);
             ^~~~~~~~~~~
../src/main.c:32:6: note: declared here
 void PWM_Disable(u32 baseAddr)
      ^~~~~~~~~~~
../src/main.c: In function 'msleep':
../src/main.c:52:1: warning: control reaches end of non-void function [-Wreturn-type]
 }
 ^
make: *** [src/main.o] Error 1
21:18:21 **** Auto Build of configuration Debug for project led_pwm ****
make pre-build main-build 
a9-linaro-pre-build-step
 
Building file: ../src/main.c
Invoking: ARM v7 gcc compiler
arm-none-eabi-gcc -Wall -O0 -g3 -c -fmessage-length=0 -MT"src/main.o" -mcpu=cortex-a9 -mfpu=vfpv3 -mfloat-abi=hard -I../../led_pwm_bsp/ps7_cortexa9_0/include -MMD -MP -MF"src/main.d" -MT"src/main.o" -o "src/main.o" "../src/main.c"
../src/main.c:54:6: warning: return type of 'main' is not 'int' [-Wmain]
 void main()
      ^~~~
../src/main.c: In function 'main':
../src/main.c:72:17: error: too many arguments to function 'PWM_SetValue'
                 PWM_SetValue(MY_PWM_BASEADDR, k, j);
                 ^~~~~~~~~~~~
../src/main.c:42:6: note: declared here
 void PWM_SetValue(u32 baseAddr, u32 pwmValue)
      ^~~~~~~~~~~~
../src/main.c:76:25: error: 'MYPWM_BASEADDR' undeclared (first use in this function)
             PWM_Disable(MYPWM_BASEADDR, k);
                         ^~~~~~~~~~~~~~
../src/main.c:76:25: note: each undeclared identifier is reported only once for each function it appears in
../src/main.c:76:13: error: too many arguments to function 'PWM_Disable'
             PWM_Disable(MYPWM_BASEADDR, k);
             ^~~~~~~~~~~
../src/main.c:32:6: note: declared here
 void PWM_Disable(u32 baseAddr)
      ^~~~~~~~~~~
../src/main.c: In function 'msleep':
../src/main.c:52:1: warning: control reaches end of non-void function [-Wreturn-type]
src/subdir.mk:21: recipe for target 'src/main.o' failed
 }
 ^
make: *** [src/main.o] Error 1
21:19:22 **** Auto Build of configuration Debug for project led_pwm ****
make pre-build main-build 
a9-linaro-pre-build-step
 
Building file: ../src/main.c
Invoking: ARM v7 gcc compiler
arm-none-eabi-gcc -Wall -O0 -g3 -c -fmessage-length=0 -MT"src/main.o" -mcpu=cortex-a9 -mfpu=vfpv3 -mfloat-abi=hard -I../../led_pwm_bsp/ps7_cortexa9_0/include -MMD -MP -MF"src/main.d" -MT"src/main.o" -o "src/main.o" "../src/main.c"
../src/main.c:54:6: warning: return type of 'main' is not 'int' [-Wmain]
 void main()
      ^~~~
../src/main.c: In function 'main':
../src/main.c:76:25: error: 'MYPWM_BASEADDR' undeclared (first use in this function)
             PWM_Disable(MYPWM_BASEADDR, k);
                         ^~~~~~~~~~~~~~
../src/main.c:76:25: note: each undeclared identifier is reported only once for each function it appears in
../src/main.c:76:13: error: too many arguments to function 'PWM_Disable'
             PWM_Disable(MYPWM_BASEADDR, k);
src/subdir.mk:21: recipe for target 'src/main.o' failed
             ^~~~~~~~~~~
../src/main.c:32:6: note: declared here
 void PWM_Disable(u32 baseAddr)
      ^~~~~~~~~~~
../src/main.c: In function 'msleep':
../src/main.c:52:1: warning: control reaches end of non-void function [-Wreturn-type]
 }
 ^
make: *** [src/main.o] Error 1
21:20:04 **** Auto Build of configuration Debug for project led_pwm ****
make pre-build main-build 
a9-linaro-pre-build-step
 
Building file: ../src/main.c
Invoking: ARM v7 gcc compiler
arm-none-eabi-gcc -Wall -O0 -g3 -c -fmessage-length=0 -MT"src/main.o" -mcpu=cortex-a9 -mfpu=vfpv3 -mfloat-abi=hard -I../../led_pwm_bsp/ps7_cortexa9_0/include -MMD -MP -MF"src/main.d" -MT"src/main.o" -o "src/main.o" "../src/main.c"
../src/main.c:54:6: warning: return type of 'main' is not 'int' [-Wmain]
 void main()
      ^~~~
../src/main.c: In function 'main':
../src/main.c:76:25: error: 'MYPWM_BASEADDR' undeclared (first use in this function)
             PWM_Disable(MYPWM_BASEADDR, k);
                         ^~~~~~~~~~~~~~
../src/main.c:76:25: note: each undeclared identifier is reported only once for each function it appears in
../src/main.c: In function 'msleep':
../src/main.c:52:1: warning: control reaches end of non-void function [-Wreturn-type]
 }
 ^
make: *** [src/main.o] Error 1
src/subdir.mk:21: recipe for target 'src/main.o' failed
21:20:15 **** Auto Build of configuration Debug for project led_pwm ****
make pre-build main-build 
a9-linaro-pre-build-step
 
Building file: ../src/main.c
Invoking: ARM v7 gcc compiler
arm-none-eabi-gcc -Wall -O0 -g3 -c -fmessage-length=0 -MT"src/main.o" -mcpu=cortex-a9 -mfpu=vfpv3 -mfloat-abi=hard -I../../led_pwm_bsp/ps7_cortexa9_0/include -MMD -MP -MF"src/main.d" -MT"src/main.o" -o "src/main.o" "../src/main.c"
../src/main.c:54:6: warning: return type of 'main' is not 'int' [-Wmain]
 void main()
      ^~~~
../src/main.c: In function 'msleep':
../src/main.c:52:1: warning: control reaches end of non-void function [-Wreturn-type]
 }
 ^
Finished building: ../src/main.c
 
Building target: led_pwm.elf
Invoking: ARM v7 gcc linker
arm-none-eabi-gcc -mcpu=cortex-a9 -mfpu=vfpv3 -mfloat-abi=hard -Wl,-build-id=none -specs=Xilinx.spec -Wl,-T -Wl,../src/lscript.ld -L../../led_pwm_bsp/ps7_cortexa9_0/lib -o "led_pwm.elf"  ./src/main.o   -Wl,--start-group,-lxil,-lgcc,-lc,--end-group
Finished building target: led_pwm.elf
 
Invoking: ARM v7 Print Size
arm-none-eabi-size led_pwm.elf  |tee "led_pwm.elf.size"
   text	   data	    bss	    dec	    hex	filename
  19620	   1148	  22568	  43336	   a948	led_pwm.elf
Finished building: led_pwm.elf.size
 
21:20:38 **** Incremental Build of configuration Debug for project led_pwm ****
make pre-build main-build 
a9-linaro-pre-build-step
 
make: Nothing to be done for 'main-build'.
21:20:47 **** Incremental Build of configuration Debug for project led_pwm ****
make pre-build main-build 
a9-linaro-pre-build-step
 
make: Nothing to be done for 'main-build'.
21:41:46 **** Auto Build of configuration Debug for project led_pwm ****
make pre-build main-build 
a9-linaro-pre-build-step
 
Building file: ../src/main.c
Invoking: ARM v7 gcc compiler
arm-none-eabi-gcc -Wall -O0 -g3 -c -fmessage-length=0 -MT"src/main.o" -mcpu=cortex-a9 -mfpu=vfpv3 -mfloat-abi=hard -I../../led_pwm_bsp/ps7_cortexa9_0/include -MMD -MP -MF"src/main.d" -MT"src/main.o" -o "src/main.o" "../src/main.c"
../src/main.c:54:6: warning: return type of 'main' is not 'int' [-Wmain]
 void main()
      ^~~~
../src/main.c: In function 'msleep':
../src/main.c:52:1: warning: control reaches end of non-void function [-Wreturn-type]
 }
 ^
Finished building: ../src/main.c
 
Building target: led_pwm.elf
Invoking: ARM v7 gcc linker
arm-none-eabi-gcc -mcpu=cortex-a9 -mfpu=vfpv3 -mfloat-abi=hard -Wl,-build-id=none -specs=Xilinx.spec -Wl,-T -Wl,../src/lscript.ld -L../../led_pwm_bsp/ps7_cortexa9_0/lib -o "led_pwm.elf"  ./src/main.o   -Wl,--start-group,-lxil,-lgcc,-lc,--end-group
Finished building target: led_pwm.elf
 
Invoking: ARM v7 Print Size
arm-none-eabi-size led_pwm.elf  |tee "led_pwm.elf.size"
   text	   data	    bss	    dec	    hex	filename
  19620	   1148	  22568	  43336	   a948	led_pwm.elf
Finished building: led_pwm.elf.size
 
21:50:47 **** Auto Build of configuration Debug for project led_pwm ****
make pre-build main-build 
a9-linaro-pre-build-step
 
Building file: ../src/main.c
Invoking: ARM v7 gcc compiler
arm-none-eabi-gcc -Wall -O0 -g3 -c -fmessage-length=0 -MT"src/main.o" -mcpu=cortex-a9 -mfpu=vfpv3 -mfloat-abi=hard -I../../led_pwm_bsp/ps7_cortexa9_0/include -MMD -MP -MF"src/main.d" -MT"src/main.o" -o "src/main.o" "../src/main.c"
../src/main.c:10:17: error: expected ';', ',' or ')' before numeric constant
src/subdir.mk:21: recipe for target 'src/main.o' failed
 #define channel 0x43C0080
                 ^
../src/main.c:12:35: note: in expansion of macro 'channel'
 void PWM_Enable(u32 baseAddr, u32 channel)
                                   ^~~~~~~
../src/main.c:10:17: error: expected ';', ',' or ')' before numeric constant
 #define channel 0x43C0080
                 ^
../src/main.c:33:36: note: in expansion of macro 'channel'
 void PWM_Disable(u32 baseAddr, u32 channel)
                                    ^~~~~~~
../src/main.c:10:17: error: expected ';', ',' or ')' before numeric constant
 #define channel 0x43C0080
                 ^
../src/main.c:43:51: note: in expansion of macro 'channel'
 void PWM_SetValue(u32 baseAddr, u32 pwmValue, u32 channel)
                                                   ^~~~~~~
../src/main.c:55:6: warning: return type of 'main' is not 'int' [-Wmain]
 void main()
      ^~~~
../src/main.c: In function 'main':
../src/main.c:65:13: warning: implicit declaration of function 'PWM_Enable' [-Wimplicit-function-declaration]
             PWM_Enable(MY_PWM_BASEADDR, k);
             ^~~~~~~~~~
../src/main.c:73:17: warning: implicit declaration of function 'PWM_SetValue' [-Wimplicit-function-declaration]
                 PWM_SetValue(MY_PWM_BASEADDR, k, j);
                 ^~~~~~~~~~~~
../src/main.c:77:13: warning: implicit declaration of function 'PWM_Disable' [-Wimplicit-function-declaration]
             PWM_Disable(MY_PWM_BASEADDR, k);
             ^~~~~~~~~~~
../src/main.c: In function 'msleep':
../src/main.c:53:1: warning: control reaches end of non-void function [-Wreturn-type]
 }
 ^
make: *** [src/main.o] Error 1
21:51:18 **** Auto Build of configuration Debug for project led_pwm ****
make pre-build main-build 
a9-linaro-pre-build-step
 
Building file: ../src/main.c
Invoking: ARM v7 gcc compiler
arm-none-eabi-gcc -Wall -O0 -g3 -c -fmessage-length=0 -MT"src/main.o" -mcpu=cortex-a9 -mfpu=vfpv3 -mfloat-abi=hard -I../../led_pwm_bsp/ps7_cortexa9_0/include -MMD -MP -MF"src/main.d" -MT"src/main.o" -o "src/main.o" "../src/main.c"
../src/main.c:10:17: error: expected ';', ',' or ')' before numeric constant
 #define channel 0x43C00080
                 ^
../src/main.c:12:35: note: in expansion of macro 'channel'
 void PWM_Enable(u32 baseAddr, u32 channel)
                                   ^~~~~~~
../src/main.c:10:17: error: expected ';', ',' or ')' before numeric constant
 #define channel 0x43C00080
                 ^
../src/main.c:33:36: note: in expansion of macro 'channel'
 void PWM_Disable(u32 baseAddr, u32 channel)
                                    ^~~~~~~
../src/main.c:10:17: error: expected ';', ',' or ')' before numeric constant
 #define channel 0x43C00080
                 ^
../src/main.c:43:51: note: in expansion of macro 'channel'
src/subdir.mk:21: recipe for target 'src/main.o' failed
 void PWM_SetValue(u32 baseAddr, u32 pwmValue, u32 channel)
                                                   ^~~~~~~
../src/main.c:55:6: warning: return type of 'main' is not 'int' [-Wmain]
 void main()
      ^~~~
../src/main.c: In function 'main':
../src/main.c:65:13: warning: implicit declaration of function 'PWM_Enable' [-Wimplicit-function-declaration]
             PWM_Enable(MY_PWM_BASEADDR, k);
             ^~~~~~~~~~
../src/main.c:73:17: warning: implicit declaration of function 'PWM_SetValue' [-Wimplicit-function-declaration]
                 PWM_SetValue(MY_PWM_BASEADDR, k, j);
                 ^~~~~~~~~~~~
../src/main.c:77:13: warning: implicit declaration of function 'PWM_Disable' [-Wimplicit-function-declaration]
             PWM_Disable(MY_PWM_BASEADDR, k);
             ^~~~~~~~~~~
../src/main.c: In function 'msleep':
../src/main.c:53:1: warning: control reaches end of non-void function [-Wreturn-type]
 }
 ^
make: *** [src/main.o] Error 1
21:52:21 **** Auto Build of configuration Debug for project led_pwm ****
make pre-build main-build 
a9-linaro-pre-build-step
 
Building file: ../src/main.c
Invoking: ARM v7 gcc compiler
arm-none-eabi-gcc -Wall -O0 -g3 -c -fmessage-length=0 -MT"src/main.o" -mcpu=cortex-a9 -mfpu=vfpv3 -mfloat-abi=hard -I../../led_pwm_bsp/ps7_cortexa9_0/include -MMD -MP -MF"src/main.d" -MT"src/main.o" -o "src/main.o" "../src/main.c"
../src/main.c:10:17: error: expected ';', ',' or ')' before numeric constant
 #define channel 0x43C000F0
                 ^
../src/main.c:12:35: note: in expansion of macro 'channel'
src/subdir.mk:21: recipe for target 'src/main.o' failed
 void PWM_Enable(u32 baseAddr, u32 channel)
                                   ^~~~~~~
../src/main.c:10:17: error: expected ';', ',' or ')' before numeric constant
 #define channel 0x43C000F0
                 ^
../src/main.c:33:36: note: in expansion of macro 'channel'
 void PWM_Disable(u32 baseAddr, u32 channel)
                                    ^~~~~~~
../src/main.c:10:17: error: expected ';', ',' or ')' before numeric constant
 #define channel 0x43C000F0
                 ^
../src/main.c:43:51: note: in expansion of macro 'channel'
 void PWM_SetValue(u32 baseAddr, u32 pwmValue, u32 channel)
                                                   ^~~~~~~
../src/main.c:55:6: warning: return type of 'main' is not 'int' [-Wmain]
 void main()
      ^~~~
../src/main.c: In function 'main':
../src/main.c:65:13: warning: implicit declaration of function 'PWM_Enable' [-Wimplicit-function-declaration]
             PWM_Enable(MY_PWM_BASEADDR, k);
             ^~~~~~~~~~
../src/main.c:73:17: warning: implicit declaration of function 'PWM_SetValue' [-Wimplicit-function-declaration]
                 PWM_SetValue(MY_PWM_BASEADDR, k, j);
                 ^~~~~~~~~~~~
../src/main.c:77:13: warning: implicit declaration of function 'PWM_Disable' [-Wimplicit-function-declaration]
             PWM_Disable(MY_PWM_BASEADDR, k);
             ^~~~~~~~~~~
../src/main.c: In function 'msleep':
../src/main.c:53:1: warning: control reaches end of non-void function [-Wreturn-type]
 }
 ^
make: *** [src/main.o] Error 1
21:53:35 **** Auto Build of configuration Debug for project led_pwm ****
make pre-build main-build 
a9-linaro-pre-build-step
 
Building file: ../src/main.c
Invoking: ARM v7 gcc compiler
arm-none-eabi-gcc -Wall -O0 -g3 -c -fmessage-length=0 -MT"src/main.o" -mcpu=cortex-a9 -mfpu=vfpv3 -mfloat-abi=hard -I../../led_pwm_bsp/ps7_cortexa9_0/include -MMD -MP -MF"src/main.d" -MT"src/main.o" -o "src/main.o" "../src/main.c"
../src/main.c:55:6: warning: return type of 'main' is not 'int' [-Wmain]
 void main()
      ^~~~
../src/main.c: In function 'msleep':
../src/main.c:53:1: warning: control reaches end of non-void function [-Wreturn-type]
 }
 ^
Finished building: ../src/main.c
 
Building target: led_pwm.elf
Invoking: ARM v7 gcc linker
arm-none-eabi-gcc -mcpu=cortex-a9 -mfpu=vfpv3 -mfloat-abi=hard -Wl,-build-id=none -specs=Xilinx.spec -Wl,-T -Wl,../src/lscript.ld -L../../led_pwm_bsp/ps7_cortexa9_0/lib -o "led_pwm.elf"  ./src/main.o   -Wl,--start-group,-lxil,-lgcc,-lc,--end-group
Finished building target: led_pwm.elf
 
Invoking: ARM v7 Print Size
arm-none-eabi-size led_pwm.elf  |tee "led_pwm.elf.size"
   text	   data	    bss	    dec	    hex	filename
  19628	   1148	  22568	  43344	   a950	led_pwm.elf
Finished building: led_pwm.elf.size
 
21:54:04 **** Incremental Build of configuration Debug for project led_pwm ****
make pre-build main-build 
a9-linaro-pre-build-step
 
make: Nothing to be done for 'main-build'.
21:55:45 **** Incremental Build of configuration Debug for project led_pwm ****
make pre-build main-build 
a9-linaro-pre-build-step
 
make: Nothing to be done for 'main-build'.
21:56:33 **** Incremental Build of configuration Debug for project led_pwm ****
make pre-build main-build 
a9-linaro-pre-build-step
 
make: Nothing to be done for 'main-build'.
21:58:02 **** Incremental Build of configuration Debug for project led_pwm ****
make pre-build main-build 
a9-linaro-pre-build-step
 
make: Nothing to be done for 'main-build'.
21:59:07 **** Incremental Build of configuration Debug for project led_pwm ****
make pre-build main-build 
a9-linaro-pre-build-step
 
make: Nothing to be done for 'main-build'.
21:59:57 **** Incremental Build of configuration Debug for project led_pwm ****
make pre-build main-build 
a9-linaro-pre-build-step
 
make: Nothing to be done for 'main-build'.
22:02:12 **** Auto Build of configuration Debug for project led_pwm ****
make pre-build main-build 
a9-linaro-pre-build-step
 
Building file: ../src/main.c
Invoking: ARM v7 gcc compiler
arm-none-eabi-gcc -Wall -O0 -g3 -c -fmessage-length=0 -MT"src/main.o" -mcpu=cortex-a9 -mfpu=vfpv3 -mfloat-abi=hard -I../../led_pwm_bsp/ps7_cortexa9_0/include -MMD -MP -MF"src/main.d" -MT"src/main.o" -o "src/main.o" "../src/main.c"
../src/main.c:52:6: warning: return type of 'main' is not 'int' [-Wmain]
 void main()
      ^~~~
../src/main.c: In function 'msleep':
../src/main.c:50:1: warning: control reaches end of non-void function [-Wreturn-type]
 }
 ^
Finished building: ../src/main.c
 
Building target: led_pwm.elf
Invoking: ARM v7 gcc linker
arm-none-eabi-gcc -mcpu=cortex-a9 -mfpu=vfpv3 -mfloat-abi=hard -Wl,-build-id=none -specs=Xilinx.spec -Wl,-T -Wl,../src/lscript.ld -L../../led_pwm_bsp/ps7_cortexa9_0/lib -o "led_pwm.elf"  ./src/main.o   -Wl,--start-group,-lxil,-lgcc,-lc,--end-group
Finished building target: led_pwm.elf
 
Invoking: ARM v7 Print Size
arm-none-eabi-size led_pwm.elf  |tee "led_pwm.elf.size"
   text	   data	    bss	    dec	    hex	filename
  19588	   1148	  22568	  43304	   a928	led_pwm.elf
Finished building: led_pwm.elf.size
 
22:06:20 **** Auto Build of configuration Debug for project led_pwm ****
make pre-build main-build 
a9-linaro-pre-build-step
 
Building file: ../src/main.c
Invoking: ARM v7 gcc compiler
arm-none-eabi-gcc -Wall -O0 -g3 -c -fmessage-length=0 -MT"src/main.o" -mcpu=cortex-a9 -mfpu=vfpv3 -mfloat-abi=hard -I../../led_pwm_bsp/ps7_cortexa9_0/include -MMD -MP -MF"src/main.d" -MT"src/main.o" -o "src/main.o" "../src/main.c"
../src/main.c: In function 'PWM_Enable':
../src/main.c:16:1: error: expected expression before '}' token
 }
 ^
../src/main.c:16:1: error: expected ';' before '}' token
../src/main.c: At top level:
../src/main.c:37:6: warning: return type of 'main' is not 'int' [-Wmain]
 void main()
      ^~~~
../src/main.c: In function 'msleep':
../src/main.c:35:1: warning: control reaches end of non-void function [-Wreturn-type]
src/subdir.mk:21: recipe for target 'src/main.o' failed
 }
 ^
make: *** [src/main.o] Error 1
22:09:03 **** Auto Build of configuration Debug for project led_pwm ****
make pre-build main-build 
a9-linaro-pre-build-step
 
Building file: ../src/main.c
Invoking: ARM v7 gcc compiler
arm-none-eabi-gcc -Wall -O0 -g3 -c -fmessage-length=0 -MT"src/main.o" -mcpu=cortex-a9 -mfpu=vfpv3 -mfloat-abi=hard -I../../led_pwm_bsp/ps7_cortexa9_0/include -MMD -MP -MF"src/main.d" -MT"src/main.o" -o "src/main.o" "../src/main.c"
../src/main.c:37:6: warning: return type of 'main' is not 'int' [-Wmain]
 void main()
      ^~~~
../src/main.c: In function 'msleep':
../src/main.c:35:1: warning: control reaches end of non-void function [-Wreturn-type]
 }
 ^
Finished building: ../src/main.c
 
Building target: led_pwm.elf
Invoking: ARM v7 gcc linker
arm-none-eabi-gcc -mcpu=cortex-a9 -mfpu=vfpv3 -mfloat-abi=hard -Wl,-build-id=none -specs=Xilinx.spec -Wl,-T -Wl,../src/lscript.ld -L../../led_pwm_bsp/ps7_cortexa9_0/lib -o "led_pwm.elf"  ./src/main.o   -Wl,--start-group,-lxil,-lgcc,-lc,--end-group
Finished building target: led_pwm.elf
 
Invoking: ARM v7 Print Size
arm-none-eabi-size led_pwm.elf  |tee "led_pwm.elf.size"
   text	   data	    bss	    dec	    hex	filename
  19468	   1148	  22568	  43184	   a8b0	led_pwm.elf
Finished building: led_pwm.elf.size
 
22:09:38 **** Incremental Build of configuration Debug for project led_pwm ****
make pre-build main-build 
a9-linaro-pre-build-step
 
make: Nothing to be done for 'main-build'.
