20:54:24 **** Build of configuration Debug for project led_pwm ****
make pre-build main-build 
a9-linaro-pre-build-step
 
Building file: ../src/main.c
Invoking: ARM v7 gcc compiler
arm-none-eabi-gcc -Wall -O0 -g3 -c -fmessage-length=0 -MT"src/main.o" -mcpu=cortex-a9 -mfpu=vfpv3 -mfloat-abi=hard -I../../led_pwm_bsp/ps7_cortexa9_0/include -MMD -MP -MF"src/main.d" -MT"src/main.o" -o "src/main.o" "../src/main.c"
../src/main.c:34:6: warning: return type of 'main' is not 'int' [-Wmain]
 void main()
      ^~~~
../src/main.c: In function 'msleep':
../src/main.c:32:1: warning: control reaches end of non-void function [-Wreturn-type]
 }
 ^
Finished building: ../src/main.c
 
Building target: led_pwm.elf
Invoking: ARM v7 gcc linker
arm-none-eabi-gcc -mcpu=cortex-a9 -mfpu=vfpv3 -mfloat-abi=hard -Wl,-build-id=none -specs=Xilinx.spec -Wl,-T -Wl,../src/lscript.ld -L../../led_pwm_bsp/ps7_cortexa9_0/lib -o "led_pwm.elf"  ./src/main.o   -Wl,--start-group,-lxil,-lgcc,-lc,--end-group
Finished building target: led_pwm.elf
 
Invoking: ARM v7 Print Size
arm-none-eabi-size led_pwm.elf  |tee "led_pwm.elf.size"
   text	   data	    bss	    dec	    hex	filename
  19484	   1148	  22568	  43200	   a8c0	led_pwm.elf
Finished building: led_pwm.elf.size
 

20:54:24 Build Finished (took 321ms)

