17:06:30 **** Auto Build of configuration Debug for project led_test ****
make pre-build main-build 
a9-linaro-pre-build-step
 
Building file: ../src/main.c
Invoking: ARM v7 gcc compiler
arm-none-eabi-gcc -Wall -O0 -g3 -c -fmessage-length=0 -MT"src/main.o" -mcpu=cortex-a9 -mfpu=vfpv3 -mfloat-abi=hard -I../../led_test_bsp/ps7_cortexa9_0/include -MMD -MP -MF"src/main.d" -MT"src/main.o" -o "src/main.o" "../src/main.c"
../src/main.c: In function 'main':
../src/main.c:18:18: warning: unused variable 'i' [-Wunused-variable]
     volatile int i = 0;
                  ^
Finished building: ../src/main.c
 
Building target: led_test.elf
Invoking: ARM v7 gcc linker
arm-none-eabi-gcc -mcpu=cortex-a9 -mfpu=vfpv3 -mfloat-abi=hard -Wl,-build-id=none -specs=Xilinx.spec -Wl,-T -Wl,../src/lscript.ld -L../../led_test_bsp/ps7_cortexa9_0/lib -o "led_test.elf"  ./src/main.o   -Wl,--start-group,-lxil,-lgcc,-lc,--end-group
Finished building target: led_test.elf
 
Invoking: ARM v7 Print Size
arm-none-eabi-size led_test.elf  |tee "led_test.elf.size"
   text	   data	    bss	    dec	    hex	filename
  19084	   1148	  22568	  42800	   a730	led_test.elf
Finished building: led_test.elf.size
 

17:06:31 Build Finished (took 203ms)

